[0/2] Re-checking globbed directories...
[1/14] Building CXX object CMakeFiles/vulkancorekit.dir/vulkan/runtime/runtime.cpp.obj
FAILED: [code=1] CMakeFiles/vulkancorekit.dir/vulkan/runtime/runtime.cpp.obj 
C:\msys64\clang64\bin\c++.exe -DDEREN_VERSION_MAJOR=0 -DDEREN_VERSION_MINOR=3 -DDEREN_VERSION_PATCH=0 -IC:/Users/23530/Desktop/yzk/deren/third_party/xxhash -IC:/Users/23530/Desktop/yzk/deren/third_party/imgui -IC:/Users/23530/Desktop/yzk/deren/third_party/imgui/backends -isystem C:/Users/23530/Desktop/yzk/deren/third_party -isystem C:/VulkanSDK/1.4.357.0/include -isystem C:/Users/23530/Desktop/yzk/deren/third_party/mimalloc/include -O3 -DNDEBUG -std=c++23 -fno-rtti -ffunction-sections -fdata-sections -flto -march=native -fno-unwind-tables -fno-asynchronous-unwind-tables -fmerge-all-constants -fno-exceptions -Wall -Wextra -Werror -Wno-reserved-module-identifier -MD -MT CMakeFiles/vulkancorekit.dir/vulkan/runtime/runtime.cpp.obj -MF CMakeFiles\vulkancorekit.dir\vulkan\runtime\runtime.cpp.obj.d @CMakeFiles\vulkancorekit.dir\vulkan\runtime\runtime.cpp.obj.modmap -o CMakeFiles/vulkancorekit.dir/vulkan/runtime/runtime.cpp.obj -c C:/Users/23530/Desktop/yzk/deren/vulkan/runtime/runtime.cpp
C:/Users/23530/Desktop/yzk/deren/vulkan/runtime/runtime.cpp:1635:20: error: cannot initialize return object of type 'const vk_pipeline *' with an rvalue of type 'const deren::vulkan::pipelines::pipeline_handle *'
 1635 |             return &it->second;
      |                    ^~~~~~~~~~~
C:/Users/23530/Desktop/yzk/deren/vulkan/runtime/runtime.cpp:1638:20: error: cannot initialize return object of type 'const vk_pipeline *' with an rvalue of type 'const deren::vulkan::pipelines::pipeline_handle *'
 1638 |             return &it->second;
      |                    ^~~~~~~~~~~
C:/Users/23530/Desktop/yzk/deren/vulkan/runtime/runtime.cpp:1641:20: error: cannot initialize return object of type 'const vk_pipeline *' with an rvalue of type 'const deren::vulkan::pipelines::pipeline_handle *'
 1641 |             return &it->second;
      |                    ^~~~~~~~~~~
3 errors generated.
[2/14] Building CXX object CMakeFiles/vulkancorekit.dir/vulkan/runtime/runtime.frames.cppm.obj
FAILED: [code=1] CMakeFiles/vulkancorekit.dir/vulkan/runtime/runtime.frames.cppm.obj CMakeFiles/vulkancorekit.dir/deren.vulkan.runtime-frames.pcm 
C:\msys64\clang64\bin\c++.exe -DDEREN_VERSION_MAJOR=0 -DDEREN_VERSION_MINOR=3 -DDEREN_VERSION_PATCH=0 -IC:/Users/23530/Desktop/yzk/deren/third_party/xxhash -IC:/Users/23530/Desktop/yzk/deren/third_party/imgui -IC:/Users/23530/Desktop/yzk/deren/third_party/imgui/backends -isystem C:/Users/23530/Desktop/yzk/deren/third_party -isystem C:/VulkanSDK/1.4.357.0/include -isystem C:/Users/23530/Desktop/yzk/deren/third_party/mimalloc/include -O3 -DNDEBUG -std=c++23 -fno-rtti -ffunction-sections -fdata-sections -flto -march=native -fno-unwind-tables -fno-asynchronous-unwind-tables -fmerge-all-constants -fno-exceptions -Wall -Wextra -Werror -Wno-reserved-module-identifier -MD -MT CMakeFiles/vulkancorekit.dir/vulkan/runtime/runtime.frames.cppm.obj -MF CMakeFiles\vulkancorekit.dir\vulkan\runtime\runtime.frames.cppm.obj.d @CMakeFiles\vulkancorekit.dir\vulkan\runtime\runtime.frames.cppm.obj.modmap -o CMakeFiles/vulkancorekit.dir/vulkan/runtime/runtime.frames.cppm.obj -c C:/Users/23530/Desktop/yzk/deren/vulkan/runtime/runtime.frames.cppm
C:/Users/23530/Desktop/yzk/deren/vulkan/runtime/runtime.frames.cppm:1243:37: error: no viable overloaded '='
 1243 |         this->gbuffer_pipeline_mesh = std::move(mesh_result).value();
      |         ~~~~~~~~~~~~~~~~~~~~~~~~~~~ ^ ~~~~~~~~~~~~~~~~~~~~~~~~~~~~~~
C:/msys64/clang64/include/c++/v1/optional:1042:65: note: candidate function not viable: no known conversion from 'deren::vulkan::vk_pipeline' to 'nullopt_t' for 1st argument
 1042 |   _LIBCPP_HIDE_FROM_ABI _LIBCPP_CONSTEXPR_SINCE_CXX20 optional& operator=(nullopt_t) noexcept {
      |                                                                 ^         ~~~~~~~~~
C:/msys64/clang64/include/c++/v1/optional:1047:45: note: candidate function not viable: no known conversion from 'deren::vulkan::vk_pipeline' to 'const optional<deren::vulkan::pipelines::pipeline_handle>' for 1st argument
 1047 |   _LIBCPP_HIDE_FROM_ABI constexpr optional& operator=(const optional&) = default;
      |                                             ^         ~~~~~~~~~~~~~~~
C:/msys64/clang64/include/c++/v1/optional:1048:45: note: candidate function not viable: no known conversion from 'deren::vulkan::vk_pipeline' to 'optional<deren::vulkan::pipelines::pipeline_handle>' for 1st argument
 1048 |   _LIBCPP_HIDE_FROM_ABI constexpr optional& operator=(optional&&)      = default;
      |                                             ^         ~~~~~~~~~~
C:/msys64/clang64/include/c++/v1/optional:1058:65: note: candidate template ignored: requirement 'std::__1::integral_constant<bool, false>::value' was not satisfied [with _Up = deren::vulkan::vk_pipeline]
 1058 |   _LIBCPP_HIDE_FROM_ABI _LIBCPP_CONSTEXPR_SINCE_CXX20 optional& operator=(_Up&& __v) {
      |                                                                 ^
C:/msys64/clang64/include/c++/v1/optional:1068:65: note: candidate template ignored: could not match 'optional<_Up>' against 'deren::vulkan::vk_pipeline'
 1068 |   _LIBCPP_HIDE_FROM_ABI _LIBCPP_CONSTEXPR_SINCE_CXX20 optional& operator=(const optional<_Up>& __v) {
      |                                                                 ^
C:/msys64/clang64/include/c++/v1/optional:1075:65: note: candidate template ignored: could not match 'optional<_Up>' against 'deren::vulkan::vk_pipeline'
 1075 |   _LIBCPP_HIDE_FROM_ABI _LIBCPP_CONSTEXPR_SINCE_CXX20 optional& operator=(optional<_Up>&& __v) {
      |                                                                 ^
C:/Users/23530/Desktop/yzk/deren/vulkan/runtime/runtime.frames.cppm:1251:48: error: no viable overloaded '='
 1251 |                 this->gbuffer_pipeline_meshlet = std::move(meshlet_result).value();
      |                 ~~~~~~~~~~~~~~~~~~~~~~~~~~~~~~ ^ ~~~~~~~~~~~~~~~~~~~~~~~~~~~~~~~~~
C:/msys64/clang64/include/c++/v1/optional:1042:65: note: candidate function not viable: no known conversion from 'deren::vulkan::vk_pipeline' to 'nullopt_t' for 1st argument
 1042 |   _LIBCPP_HIDE_FROM_ABI _LIBCPP_CONSTEXPR_SINCE_CXX20 optional& operator=(nullopt_t) noexcept {
      |                                                                 ^         ~~~~~~~~~
C:/msys64/clang64/include/c++/v1/optional:1047:45: note: candidate function not viable: no known conversion from 'deren::vulkan::vk_pipeline' to 'const optional<deren::vulkan::pipelines::pipeline_handle>' for 1st argument
 1047 |   _LIBCPP_HIDE_FROM_ABI constexpr optional& operator=(const optional&) = default;
      |                                             ^         ~~~~~~~~~~~~~~~
C:/msys64/clang64/include/c++/v1/optional:1048:45: note: candidate function not viable: no known conversion from 'deren::vulkan::vk_pipeline' to 'optional<deren::vulkan::pipelines::pipeline_handle>' for 1st argument
 1048 |   _LIBCPP_HIDE_FROM_ABI constexpr optional& operator=(optional&&)      = default;
      |                                             ^         ~~~~~~~~~~
C:/msys64/clang64/include/c++/v1/optional:1058:65: note: candidate template ignored: requirement 'std::__1::integral_constant<bool, false>::value' was not satisfied [with _Up = deren::vulkan::vk_pipeline]
 1058 |   _LIBCPP_HIDE_FROM_ABI _LIBCPP_CONSTEXPR_SINCE_CXX20 optional& operator=(_Up&& __v) {
      |                                                                 ^
C:/msys64/clang64/include/c++/v1/optional:1068:65: note: candidate template ignored: could not match 'optional<_Up>' against 'deren::vulkan::vk_pipeline'
 1068 |   _LIBCPP_HIDE_FROM_ABI _LIBCPP_CONSTEXPR_SINCE_CXX20 optional& operator=(const optional<_Up>& __v) {
      |                                                                 ^
C:/msys64/clang64/include/c++/v1/optional:1075:65: note: candidate template ignored: could not match 'optional<_Up>' against 'deren::vulkan::vk_pipeline'
 1075 |   _LIBCPP_HIDE_FROM_ABI _LIBCPP_CONSTEXPR_SINCE_CXX20 optional& operator=(optional<_Up>&& __v) {
      |                                                                 ^
C:/Users/23530/Desktop/yzk/deren/vulkan/runtime/runtime.frames.cppm:2318:14: error: field designator 'face' does not refer to any field in type 'frame_services'
 2318 |             .face = &this->rhi_face(),
      |             ~^~~~~~~~~~~~~~~~~~~~~~~~
C:/Users/23530/Desktop/yzk/deren/vulkan/runtime/runtime.frames.cppm:2319:14: error: field designator 'swap_chain_format' does not refer to any field in type 'frame_services'
 2319 |             .swap_chain_format = contract_image_format(this->vulkan_core.swap_chain_image_format),
      |             ~^~~~~~~~~~~~~~~~~~~~~~~~~~~~~~~~~~~~~~~~~~~~~~~~~~~~~~~~~~~~~~~~~~~~~~~~~~~~~~~~~~~~
4 errors generated.
[3/14] Building CXX object CMakeFiles/chores.dir/chores.cpp.obj
[4/14] Building CXX object CMakeFiles/deren.dir/main.cpp.obj
ninja: build stopped: subcommand failed.
